<?xml version="1.0" encoding="ISO-8859-1" ?>
<link_info>
   <banner>TMS320C2000 Linker PC v22.6.2.LTS</banner>
   <copyright>Copyright (c) 1996-2018 Texas Instruments Incorporated</copyright>
   <link_time>0x690083ec</link_time>
   <link_errors>0x0</link_errors>
   <output_file>metal.out</output_file>
   <entry_point>
      <name>code_start</name>
      <address>0x0</address>
   </entry_point>
   <input_file_list>
      <input_file id="fl-2">
         <path>.\syscfg\</path>
         <kind>object</kind>
         <file>board.obj</file>
         <name>board.obj</name>
      </input_file>
      <input_file id="fl-3">
         <path>.\syscfg\</path>
         <kind>object</kind>
         <file>c2000ware_libraries.obj</file>
         <name>c2000ware_libraries.obj</name>
      </input_file>
      <input_file id="fl-4">
         <path>.\</path>
         <kind>object</kind>
         <file>metal.obj</file>
         <name>metal.obj</name>
      </input_file>
      <input_file id="fl-5">
         <path>.\device\</path>
         <kind>object</kind>
         <file>F2837xD_CodeStartBranch.obj</file>
         <name>F2837xD_CodeStartBranch.obj</name>
      </input_file>
      <input_file id="fl-6">
         <path>.\device\</path>
         <kind>object</kind>
         <file>device.obj</file>
         <name>device.obj</name>
      </input_file>
      <input_file id="fl-b">
         <kind>object</kind>
         <file>&lt;internal&gt;</file>
         <name>&lt;internal&gt;</name>
      </input_file>
      <input_file id="fl-f">
         <path>C:\ti\C2000Ware_6_00_00_00\driverlib\f2837xd\driverlib\ccs\Debug\</path>
         <kind>archive</kind>
         <file>driverlib_eabi.lib</file>
         <name>gpio.obj</name>
      </input_file>
      <input_file id="fl-10">
         <path>C:\ti\C2000Ware_6_00_00_00\driverlib\f2837xd\driverlib\ccs\Debug\</path>
         <kind>archive</kind>
         <file>driverlib_eabi.lib</file>
         <name>interrupt.obj</name>
      </input_file>
      <input_file id="fl-11">
         <path>C:\ti\C2000Ware_6_00_00_00\driverlib\f2837xd\driverlib\ccs\Debug\</path>
         <kind>archive</kind>
         <file>driverlib_eabi.lib</file>
         <name>spi.obj</name>
      </input_file>
      <input_file id="fl-12">
         <path>C:\ti\C2000Ware_6_00_00_00\driverlib\f2837xd\driverlib\ccs\Debug\</path>
         <kind>archive</kind>
         <file>driverlib_eabi.lib</file>
         <name>sysctl.obj</name>
      </input_file>
      <input_file id="fl-1e">
         <path>C:\ti\ccs2031\ccs\tools\compiler\ti-cgt-c2000_22.6.2.LTS\lib\</path>
         <kind>archive</kind>
         <file>rts2800_fpu32_eabi.lib</file>
         <name>boot28.asm.obj</name>
      </input_file>
      <input_file id="fl-1f">
         <path>C:\ti\ccs2031\ccs\tools\compiler\ti-cgt-c2000_22.6.2.LTS\lib\</path>
         <kind>archive</kind>
         <file>rts2800_fpu32_eabi.lib</file>
         <name>fs_div28.asm.obj</name>
      </input_file>
      <input_file id="fl-20">
         <path>C:\ti\ccs2031\ccs\tools\compiler\ti-cgt-c2000_22.6.2.LTS\lib\</path>
         <kind>archive</kind>
         <file>rts2800_fpu32_eabi.lib</file>
         <name>pre_init.c.obj</name>
      </input_file>
      <input_file id="fl-21">
         <path>C:\ti\ccs2031\ccs\tools\compiler\ti-cgt-c2000_22.6.2.LTS\lib\</path>
         <kind>archive</kind>
         <file>rts2800_fpu32_eabi.lib</file>
         <name>autoinit.c.obj</name>
      </input_file>
      <input_file id="fl-22">
         <path>C:\ti\ccs2031\ccs\tools\compiler\ti-cgt-c2000_22.6.2.LTS\lib\</path>
         <kind>archive</kind>
         <file>rts2800_fpu32_eabi.lib</file>
         <name>copy_zero_init.c.obj</name>
      </input_file>
      <input_file id="fl-23">
         <path>C:\ti\ccs2031\ccs\tools\compiler\ti-cgt-c2000_22.6.2.LTS\lib\</path>
         <kind>archive</kind>
         <file>rts2800_fpu32_eabi.lib</file>
         <name>copy_decompress_none.c.obj</name>
      </input_file>
      <input_file id="fl-24">
         <path>C:\ti\ccs2031\ccs\tools\compiler\ti-cgt-c2000_22.6.2.LTS\lib\</path>
         <kind>archive</kind>
         <file>rts2800_fpu32_eabi.lib</file>
         <name>copy_decompress_lzss.c.obj</name>
      </input_file>
      <input_file id="fl-25">
         <path>C:\ti\ccs2031\ccs\tools\compiler\ti-cgt-c2000_22.6.2.LTS\lib\</path>
         <kind>archive</kind>
         <file>rts2800_fpu32_eabi.lib</file>
         <name>exit.c.obj</name>
      </input_file>
      <input_file id="fl-26">
         <path>C:\ti\ccs2031\ccs\tools\compiler\ti-cgt-c2000_22.6.2.LTS\lib\</path>
         <kind>archive</kind>
         <file>rts2800_fpu32_eabi.lib</file>
         <name>_lock.c.obj</name>
      </input_file>
      <input_file id="fl-27">
         <path>C:\ti\ccs2031\ccs\tools\compiler\ti-cgt-c2000_22.6.2.LTS\lib\</path>
         <kind>archive</kind>
         <file>rts2800_fpu32_eabi.lib</file>
         <name>args_main.c.obj</name>
      </input_file>
      <input_file id="fl-28">
         <path>C:\ti\ccs2031\ccs\tools\compiler\ti-cgt-c2000_22.6.2.LTS\lib\</path>
         <kind>archive</kind>
         <file>rts2800_fpu32_eabi.lib</file>
         <name>memset.c.obj</name>
      </input_file>
      <input_file id="fl-29">
         <path>C:\ti\ccs2031\ccs\tools\compiler\ti-cgt-c2000_22.6.2.LTS\lib\</path>
         <kind>archive</kind>
         <file>rts2800_fpu32_eabi.lib</file>
         <name>cpy_tbl.c.obj</name>
      </input_file>
      <input_file id="fl-2a">
         <path>C:\ti\ccs2031\ccs\tools\compiler\ti-cgt-c2000_22.6.2.LTS\lib\</path>
         <kind>archive</kind>
         <file>rts2800_fpu32_eabi.lib</file>
         <name>memcpy.c.obj</name>
      </input_file>
      <input_file id="fl-2b">
         <path>C:\ti\ccs2031\ccs\tools\compiler\ti-cgt-c2000_22.6.2.LTS\lib\</path>
         <kind>archive</kind>
         <file>rts2800_fpu32_eabi.lib</file>
         <name>startup.c.obj</name>
      </input_file>
   </input_file_list>
   <object_component_list>
      <object_component id="oc-2d">
         <name>codestart</name>
         <load_address>0x0</load_address>
         <run_address>0x0</run_address>
         <size>0x2</size>
         <input_file_ref idref="fl-5"/>
      </object_component>
      <object_component id="oc-1a5">
         <name>.text</name>
         <load_address>0x8000</load_address>
         <run_address>0x8000</run_address>
         <size>0x88</size>
         <input_file_ref idref="fl-1f"/>
      </object_component>
      <object_component id="oc-131">
         <name>.text:SysCtl_getDeviceParametric</name>
         <load_address>0x8088</load_address>
         <run_address>0x8088</run_address>
         <size>0x68</size>
         <input_file_ref idref="fl-12"/>
      </object_component>
      <object_component id="oc-175">
         <name>.text:SPI_setConfig</name>
         <load_address>0x80f0</load_address>
         <run_address>0x80f0</run_address>
         <size>0x5c</size>
         <input_file_ref idref="fl-11"/>
      </object_component>
      <object_component id="oc-16f">
         <name>.text:GPIO_setPadConfig</name>
         <load_address>0x814c</load_address>
         <run_address>0x814c</run_address>
         <size>0x52</size>
         <input_file_ref idref="fl-f"/>
      </object_component>
      <object_component id="oc-13d">
         <name>.text:SysCtl_getClock</name>
         <load_address>0x819e</load_address>
         <run_address>0x819e</run_address>
         <size>0x51</size>
         <input_file_ref idref="fl-12"/>
      </object_component>
      <object_component id="oc-198">
         <name>.text:SysCtl_selectOscSource</name>
         <load_address>0x81ef</load_address>
         <run_address>0x81ef</run_address>
         <size>0x48</size>
         <input_file_ref idref="fl-12"/>
      </object_component>
      <object_component id="oc-105">
         <name>.text:Interrupt_initModule</name>
         <load_address>0x8237</load_address>
         <run_address>0x8237</run_address>
         <size>0x3d</size>
         <input_file_ref idref="fl-10"/>
      </object_component>
      <object_component id="oc-15c">
         <name>.text:GPIO_setControllerCore</name>
         <load_address>0x8274</load_address>
         <run_address>0x8274</run_address>
         <size>0x37</size>
         <input_file_ref idref="fl-f"/>
      </object_component>
      <object_component id="oc-156">
         <name>.text:GPIO_setPinConfig</name>
         <load_address>0x82ab</load_address>
         <run_address>0x82ab</run_address>
         <size>0x37</size>
         <input_file_ref idref="fl-f"/>
      </object_component>
      <object_component id="oc-150">
         <name>.text:GPIO_setQualificationMode</name>
         <load_address>0x82e2</load_address>
         <run_address>0x82e2</run_address>
         <size>0x37</size>
         <input_file_ref idref="fl-f"/>
      </object_component>
      <object_component id="oc-20">
         <name>.text:decompress:lzss</name>
         <load_address>0x8319</load_address>
         <run_address>0x8319</run_address>
         <size>0x2e</size>
         <input_file_ref idref="fl-24"/>
      </object_component>
      <object_component id="oc-a7">
         <name>.text:__TI_auto_init_nobinit_nopinit</name>
         <load_address>0x8347</load_address>
         <run_address>0x8347</run_address>
         <size>0x2b</size>
         <input_file_ref idref="fl-21"/>
      </object_component>
      <object_component id="oc-9b">
         <name>.text</name>
         <load_address>0x8372</load_address>
         <run_address>0x8372</run_address>
         <size>0x29</size>
         <input_file_ref idref="fl-25"/>
      </object_component>
      <object_component id="oc-1f8">
         <name>.text:CPUTimer_selectClockSource</name>
         <load_address>0x839b</load_address>
         <run_address>0x839b</run_address>
         <size>0x28</size>
         <input_file_ref idref="fl-12"/>
      </object_component>
      <object_component id="oc-223">
         <name>.text:CPUTimer_getTimerOverflowStatus</name>
         <load_address>0x83c3</load_address>
         <run_address>0x83c3</run_address>
         <size>0x1f</size>
         <input_file_ref idref="fl-12"/>
      </object_component>
      <object_component id="oc-37">
         <name>.text:Interrupt_initVectorTable</name>
         <load_address>0x83e2</load_address>
         <run_address>0x83e2</run_address>
         <size>0x1e</size>
         <input_file_ref idref="fl-10"/>
      </object_component>
      <object_component id="oc-4d">
         <name>.text</name>
         <load_address>0x8400</load_address>
         <run_address>0x8400</run_address>
         <size>0x1d</size>
         <input_file_ref idref="fl-2a"/>
      </object_component>
      <object_component id="oc-204">
         <name>.text:CPUTimer_startTimer</name>
         <load_address>0x841d</load_address>
         <run_address>0x841d</run_address>
         <size>0x1a</size>
         <input_file_ref idref="fl-12"/>
      </object_component>
      <object_component id="oc-144">
         <name>.text:SysCtl_getLowSpeedClock</name>
         <load_address>0x8437</load_address>
         <run_address>0x8437</run_address>
         <size>0x1a</size>
         <input_file_ref idref="fl-12"/>
      </object_component>
      <object_component id="oc-217">
         <name>.text:CPUTimer_isBaseValid</name>
         <load_address>0x8451</load_address>
         <run_address>0x8451</run_address>
         <size>0x17</size>
         <input_file_ref idref="fl-12"/>
      </object_component>
      <object_component id="oc-1c0">
         <name>.text:SPI_isBaseValid</name>
         <load_address>0x8468</load_address>
         <run_address>0x8468</run_address>
         <size>0x17</size>
         <input_file_ref idref="fl-11"/>
      </object_component>
      <object_component id="oc-7d">
         <name>.text</name>
         <load_address>0x847f</load_address>
         <run_address>0x847f</run_address>
         <size>0x17</size>
         <input_file_ref idref="fl-1e"/>
      </object_component>
      <object_component id="oc-32">
         <name>.text:Interrupt_defaultHandler</name>
         <load_address>0x8496</load_address>
         <run_address>0x8496</run_address>
         <size>0x16</size>
         <input_file_ref idref="fl-10"/>
      </object_component>
      <object_component id="oc-1ec">
         <name>.text:CPUTimer_stopTimer</name>
         <load_address>0x84ac</load_address>
         <run_address>0x84ac</run_address>
         <size>0x14</size>
         <input_file_ref idref="fl-12"/>
      </object_component>
      <object_component id="oc-1fe">
         <name>.text:CPUTimer_clearOverflowFlag</name>
         <load_address>0x84c0</load_address>
         <run_address>0x84c0</run_address>
         <size>0x12</size>
         <input_file_ref idref="fl-12"/>
      </object_component>
      <object_component id="oc-1e6">
         <name>.text:CPUTimer_disableInterrupt</name>
         <load_address>0x84d2</load_address>
         <run_address>0x84d2</run_address>
         <size>0x12</size>
         <input_file_ref idref="fl-12"/>
      </object_component>
      <object_component id="oc-1f2">
         <name>.text:CPUTimer_setPeriod</name>
         <load_address>0x84e4</load_address>
         <run_address>0x84e4</run_address>
         <size>0x11</size>
         <input_file_ref idref="fl-12"/>
      </object_component>
      <object_component id="oc-20a">
         <name>.text:SysCtl_pollCpuTimer</name>
         <load_address>0x84f5</load_address>
         <run_address>0x84f5</run_address>
         <size>0xf</size>
         <input_file_ref idref="fl-12"/>
      </object_component>
      <object_component id="oc-d7">
         <name>.text</name>
         <load_address>0x8504</load_address>
         <run_address>0x8504</run_address>
         <size>0xf</size>
         <input_file_ref idref="fl-4"/>
      </object_component>
      <object_component id="oc-1ad">
         <name>.text:GPIO_isPinValid</name>
         <load_address>0x8513</load_address>
         <run_address>0x8513</run_address>
         <size>0xe</size>
         <input_file_ref idref="fl-f"/>
      </object_component>
      <object_component id="oc-167">
         <name>.text:Interrupt_disableGlobal</name>
         <load_address>0x8521</load_address>
         <run_address>0x8521</run_address>
         <size>0xd</size>
         <input_file_ref idref="fl-10"/>
      </object_component>
      <object_component id="oc-95">
         <name>.text</name>
         <load_address>0x852e</load_address>
         <run_address>0x852e</run_address>
         <size>0xc</size>
         <input_file_ref idref="fl-27"/>
      </object_component>
      <object_component id="oc-192">
         <name>.text:SysCtl_isMCDClockFailureDetected</name>
         <load_address>0x853a</load_address>
         <run_address>0x853a</run_address>
         <size>0xb</size>
         <input_file_ref idref="fl-12"/>
      </object_component>
      <object_component id="oc-3e">
         <name>.text:Interrupt_illegalOperationHandler</name>
         <load_address>0x8545</load_address>
         <run_address>0x8545</run_address>
         <size>0xa</size>
         <input_file_ref idref="fl-10"/>
      </object_component>
      <object_component id="oc-44">
         <name>.text:Interrupt_nmiHandler</name>
         <load_address>0x854f</load_address>
         <run_address>0x854f</run_address>
         <size>0xa</size>
         <input_file_ref idref="fl-10"/>
      </object_component>
      <object_component id="oc-19f">
         <name>.text:SysCtl_serviceWatchdog</name>
         <load_address>0x8559</load_address>
         <run_address>0x8559</run_address>
         <size>0x9</size>
         <input_file_ref idref="fl-12"/>
      </object_component>
      <object_component id="oc-11e">
         <name>.text</name>
         <load_address>0x8562</load_address>
         <run_address>0x8562</run_address>
         <size>0x9</size>
         <input_file_ref idref="fl-26"/>
      </object_component>
      <object_component id="oc-61">
         <name>.text</name>
         <load_address>0x856b</load_address>
         <run_address>0x856b</run_address>
         <size>0x8</size>
         <input_file_ref idref="fl-5"/>
      </object_component>
      <object_component id="oc-26">
         <name>.text:decompress:none</name>
         <load_address>0x8573</load_address>
         <run_address>0x8573</run_address>
         <size>0x8</size>
         <input_file_ref idref="fl-23"/>
      </object_component>
      <object_component id="oc-210">
         <name>.text:SysCtl_resetMCD</name>
         <load_address>0x857b</load_address>
         <run_address>0x857b</run_address>
         <size>0x7</size>
         <input_file_ref idref="fl-12"/>
      </object_component>
      <object_component id="oc-ea">
         <name>.text</name>
         <load_address>0x8582</load_address>
         <run_address>0x8582</run_address>
         <size>0x1</size>
         <input_file_ref idref="fl-2b"/>
      </object_component>
      <object_component id="oc-ff">
         <name>.text</name>
         <load_address>0xb000</load_address>
         <run_address>0xb000</run_address>
         <size>0x3ff</size>
         <input_file_ref idref="fl-6"/>
      </object_component>
      <object_component id="oc-137">
         <name>.text:SysCtl_setClock</name>
         <load_address>0xb3ff</load_address>
         <run_address>0xb3ff</run_address>
         <size>0x209</size>
         <input_file_ref idref="fl-12"/>
      </object_component>
      <object_component id="oc-10b">
         <name>.text</name>
         <load_address>0xb608</load_address>
         <run_address>0xb608</run_address>
         <size>0x134</size>
         <input_file_ref idref="fl-2"/>
      </object_component>
      <object_component id="oc-1d5">
         <name>.text:SysCtl_selectXTAL</name>
         <load_address>0xb73c</load_address>
         <run_address>0xb73c</run_address>
         <size>0x90</size>
         <input_file_ref idref="fl-12"/>
      </object_component>
      <object_component id="oc-14a">
         <name>.text:GPIO_setDirectionMode</name>
         <load_address>0xb7cc</load_address>
         <run_address>0xb7cc</run_address>
         <size>0x31</size>
         <input_file_ref idref="fl-f"/>
      </object_component>
      <object_component id="oc-8e">
         <name>.text</name>
         <load_address>0xb7fd</load_address>
         <run_address>0xb7fd</run_address>
         <size>0x2</size>
         <input_file_ref idref="fl-20"/>
      </object_component>
      <object_component id="oc-111">
         <name>.text</name>
         <load_address>0xb7ff</load_address>
         <run_address>0xb7ff</run_address>
         <size>0x1</size>
         <input_file_ref idref="fl-3"/>
      </object_component>
      <object_component id="oc-260">
         <name>.cinit..data.load</name>
         <load_address>0x128</load_address>
         <run_address>0x128</run_address>
         <size>0x9</size>
      </object_component>
      <object_component id="oc-25e">
         <name>__TI_handler_table</name>
         <load_address>0x132</load_address>
         <run_address>0x132</run_address>
         <size>0x4</size>
      </object_component>
      <object_component id="oc-25f">
         <name>__TI_cinit_table</name>
         <load_address>0x136</load_address>
         <run_address>0x136</run_address>
         <size>0x4</size>
      </object_component>
      <object_component id="oc-4a">
         <name>.stack</name>
         <uninitialized>true</uninitialized>
         <run_address>0x400</run_address>
         <size>0x0</size>
         <input_file_ref idref="fl-1e"/>
      </object_component>
      <object_component id="oc-261">
         <name>.stack</name>
         <uninitialized>true</uninitialized>
         <run_address>0x400</run_address>
         <size>0x0</size>
      </object_component>
      <object_component id="oc-191">
         <name>.const:.string</name>
         <load_address>0xa800</load_address>
         <run_address>0xa800</run_address>
         <size>0xc2</size>
         <input_file_ref idref="fl-12"/>
      </object_component>
      <object_component id="oc-1b3">
         <name>.const:.string</name>
         <load_address>0xa8c2</load_address>
         <run_address>0xa8c2</run_address>
         <size>0xbc</size>
         <input_file_ref idref="fl-f"/>
      </object_component>
      <object_component id="oc-1c6">
         <name>.const:.string</name>
         <load_address>0xa97e</load_address>
         <run_address>0xa97e</run_address>
         <size>0xbb</size>
         <input_file_ref idref="fl-11"/>
      </object_component>
      <object_component id="oc-16e">
         <name>.const:.string</name>
         <load_address>0xaa3a</load_address>
         <run_address>0xaa3a</run_address>
         <size>0x3d</size>
         <input_file_ref idref="fl-2"/>
      </object_component>
      <object_component id="oc-143">
         <name>.const:.string</name>
         <load_address>0xaa78</load_address>
         <run_address>0xaa78</run_address>
         <size>0x13</size>
         <input_file_ref idref="fl-6"/>
      </object_component>
      <object_component id="oc-162">
         <name>.data</name>
         <load_address>0xaa8c</load_address>
         <run_address>0xaa8c</run_address>
         <size>0x6</size>
         <input_file_ref idref="fl-6"/>
      </object_component>
      <object_component id="oc-df">
         <name>.data</name>
         <load_address>0xaa92</load_address>
         <run_address>0xaa92</run_address>
         <size>0x6</size>
         <input_file_ref idref="fl-25"/>
      </object_component>
      <object_component id="oc-e2">
         <name>.data:_lock</name>
         <load_address>0xaa98</load_address>
         <run_address>0xaa98</run_address>
         <size>0x2</size>
         <input_file_ref idref="fl-26"/>
      </object_component>
      <object_component id="oc-182">
         <name>.data:_unlock</name>
         <load_address>0xaa9a</load_address>
         <run_address>0xaa9a</run_address>
         <size>0x2</size>
         <input_file_ref idref="fl-26"/>
      </object_component>
      <object_component id="oc-19e">
         <name>.TI.ramfunc</name>
         <load_address>0x123</load_address>
         <run_address>0x123</run_address>
         <size>0x4</size>
         <input_file_ref idref="fl-12"/>
      </object_component>
      <object_component id="oc-17c">
         <name>.debug_types</name>
         <load_address>0x0</load_address>
         <run_address>0x0</run_address>
         <size>0xbbe</size>
         <input_file_ref idref="fl-2"/>
      </object_component>
      <object_component id="oc-17e">
         <name>.debug_types</name>
         <load_address>0x0</load_address>
         <run_address>0x0</run_address>
         <size>0x0</size>
         <input_file_ref idref="fl-3"/>
      </object_component>
      <object_component id="oc-118">
         <name>.debug_types</name>
         <load_address>0x0</load_address>
         <run_address>0x0</run_address>
         <size>0x0</size>
         <input_file_ref idref="fl-4"/>
      </object_component>
      <object_component id="oc-166">
         <name>.debug_types</name>
         <load_address>0xbbe</load_address>
         <run_address>0xbbe</run_address>
         <size>0xf77</size>
         <input_file_ref idref="fl-6"/>
      </object_component>
      <object_component id="oc-1b5">
         <name>.debug_types</name>
         <load_address>0x1b35</load_address>
         <run_address>0x1b35</run_address>
         <size>0x2c4</size>
         <input_file_ref idref="fl-f"/>
      </object_component>
      <object_component id="oc-68">
         <name>.debug_types</name>
         <load_address>0x0</load_address>
         <run_address>0x0</run_address>
         <size>0x0</size>
         <input_file_ref idref="fl-10"/>
      </object_component>
      <object_component id="oc-1c8">
         <name>.debug_types</name>
         <load_address>0x1df9</load_address>
         <run_address>0x1df9</run_address>
         <size>0x160</size>
         <input_file_ref idref="fl-11"/>
      </object_component>
      <object_component id="oc-190">
         <name>.debug_types</name>
         <load_address>0x1f59</load_address>
         <run_address>0x1f59</run_address>
         <size>0x254</size>
         <input_file_ref idref="fl-12"/>
      </object_component>
      <object_component id="oc-a6">
         <name>.debug_types</name>
         <load_address>0x0</load_address>
         <run_address>0x0</run_address>
         <size>0x0</size>
         <input_file_ref idref="fl-20"/>
      </object_component>
      <object_component id="oc-f1">
         <name>.debug_types</name>
         <load_address>0x21ad</load_address>
         <run_address>0x21ad</run_address>
         <size>0x4e8</size>
         <input_file_ref idref="fl-21"/>
      </object_component>
      <object_component id="oc-54">
         <name>.debug_types</name>
         <load_address>0x2695</load_address>
         <run_address>0x2695</run_address>
         <size>0x1c8</size>
         <input_file_ref idref="fl-23"/>
      </object_component>
      <object_component id="oc-4c">
         <name>.debug_types</name>
         <load_address>0x285d</load_address>
         <run_address>0x285d</run_address>
         <size>0x191</size>
         <input_file_ref idref="fl-24"/>
      </object_component>
      <object_component id="oc-e6">
         <name>.debug_types</name>
         <load_address>0x29ee</load_address>
         <run_address>0x29ee</run_address>
         <size>0xbf</size>
         <input_file_ref idref="fl-25"/>
      </object_component>
      <object_component id="oc-126">
         <name>.debug_types</name>
         <load_address>0x2aad</load_address>
         <run_address>0x2aad</run_address>
         <size>0x2f</size>
         <input_file_ref idref="fl-26"/>
      </object_component>
      <object_component id="oc-de">
         <name>.debug_types</name>
         <load_address>0x2adc</load_address>
         <run_address>0x2adc</run_address>
         <size>0xe1</size>
         <input_file_ref idref="fl-27"/>
      </object_component>
      <object_component id="oc-70">
         <name>.debug_types</name>
         <load_address>0x2bbd</load_address>
         <run_address>0x2bbd</run_address>
         <size>0xe3</size>
         <input_file_ref idref="fl-2a"/>
      </object_component>
      <object_component id="oc-12b">
         <name>.debug_types</name>
         <load_address>0x0</load_address>
         <run_address>0x0</run_address>
         <size>0x0</size>
         <input_file_ref idref="fl-2b"/>
      </object_component>
      <object_component id="oc-10c">
         <name>.debug_info</name>
         <load_address>0x0</load_address>
         <run_address>0x0</run_address>
         <size>0xa84</size>
         <input_file_ref idref="fl-2"/>
      </object_component>
      <object_component id="oc-115">
         <name>.debug_info</name>
         <load_address>0xa84</load_address>
         <run_address>0xa84</run_address>
         <size>0x13a</size>
         <input_file_ref idref="fl-3"/>
      </object_component>
      <object_component id="oc-d8">
         <name>.debug_info</name>
         <load_address>0xbbe</load_address>
         <run_address>0xbbe</run_address>
         <size>0x176</size>
         <input_file_ref idref="fl-4"/>
      </object_component>
      <object_component id="oc-2f">
         <name>.debug_info</name>
         <load_address>0xd34</load_address>
         <run_address>0xd34</run_address>
         <size>0x107</size>
         <input_file_ref idref="fl-5"/>
      </object_component>
      <object_component id="oc-63">
         <name>.debug_info</name>
         <load_address>0xe3b</load_address>
         <run_address>0xe3b</run_address>
         <size>0x108</size>
         <input_file_ref idref="fl-5"/>
      </object_component>
      <object_component id="oc-163">
         <name>.debug_info</name>
         <load_address>0xf43</load_address>
         <run_address>0xf43</run_address>
         <size>0x152</size>
         <input_file_ref idref="fl-6"/>
      </object_component>
      <object_component id="oc-103">
         <name>.debug_info</name>
         <load_address>0x1095</load_address>
         <run_address>0x1095</run_address>
         <size>0x1ca9</size>
         <input_file_ref idref="fl-6"/>
      </object_component>
      <object_component id="oc-1b0">
         <name>.debug_info</name>
         <load_address>0x2d3e</load_address>
         <run_address>0x2d3e</run_address>
         <size>0x205</size>
         <input_file_ref idref="fl-f"/>
      </object_component>
      <object_component id="oc-14c">
         <name>.debug_info</name>
         <load_address>0x2f43</load_address>
         <run_address>0x2f43</run_address>
         <size>0x27d</size>
         <input_file_ref idref="fl-f"/>
      </object_component>
      <object_component id="oc-171">
         <name>.debug_info</name>
         <load_address>0x31c0</load_address>
         <run_address>0x31c0</run_address>
         <size>0x266</size>
         <input_file_ref idref="fl-f"/>
      </object_component>
      <object_component id="oc-152">
         <name>.debug_info</name>
         <load_address>0x3426</load_address>
         <run_address>0x3426</run_address>
         <size>0x2ae</size>
         <input_file_ref idref="fl-f"/>
      </object_component>
      <object_component id="oc-15e">
         <name>.debug_info</name>
         <load_address>0x36d4</load_address>
         <run_address>0x36d4</run_address>
         <size>0x296</size>
         <input_file_ref idref="fl-f"/>
      </object_component>
      <object_component id="oc-157">
         <name>.debug_info</name>
         <load_address>0x396a</load_address>
         <run_address>0x396a</run_address>
         <size>0x24f</size>
         <input_file_ref idref="fl-f"/>
      </object_component>
      <object_component id="oc-168">
         <name>.debug_info</name>
         <load_address>0x3bb9</load_address>
         <run_address>0x3bb9</run_address>
         <size>0x200</size>
         <input_file_ref idref="fl-10"/>
      </object_component>
      <object_component id="oc-106">
         <name>.debug_info</name>
         <load_address>0x3db9</load_address>
         <run_address>0x3db9</run_address>
         <size>0x20f</size>
         <input_file_ref idref="fl-10"/>
      </object_component>
      <object_component id="oc-33">
         <name>.debug_info</name>
         <load_address>0x3fc8</load_address>
         <run_address>0x3fc8</run_address>
         <size>0x21c</size>
         <input_file_ref idref="fl-10"/>
      </object_component>
      <object_component id="oc-3f">
         <name>.debug_info</name>
         <load_address>0x41e4</load_address>
         <run_address>0x41e4</run_address>
         <size>0x202</size>
         <input_file_ref idref="fl-10"/>
      </object_component>
      <object_component id="oc-46">
         <name>.debug_info</name>
         <load_address>0x43e6</load_address>
         <run_address>0x43e6</run_address>
         <size>0x1e8</size>
         <input_file_ref idref="fl-10"/>
      </object_component>
      <object_component id="oc-38">
         <name>.debug_info</name>
         <load_address>0x45ce</load_address>
         <run_address>0x45ce</run_address>
         <size>0x20c</size>
         <input_file_ref idref="fl-10"/>
      </object_component>
      <object_component id="oc-1c1">
         <name>.debug_info</name>
         <load_address>0x47da</load_address>
         <run_address>0x47da</run_address>
         <size>0x207</size>
         <input_file_ref idref="fl-11"/>
      </object_component>
      <object_component id="oc-176">
         <name>.debug_info</name>
         <load_address>0x49e1</load_address>
         <run_address>0x49e1</run_address>
         <size>0x308</size>
         <input_file_ref idref="fl-11"/>
      </object_component>
      <object_component id="oc-1a2">
         <name>.debug_info</name>
         <load_address>0x4ce9</load_address>
         <run_address>0x4ce9</run_address>
         <size>0x1f2</size>
         <input_file_ref idref="fl-12"/>
      </object_component>
      <object_component id="oc-195">
         <name>.debug_info</name>
         <load_address>0x4edb</load_address>
         <run_address>0x4edb</run_address>
         <size>0x20e</size>
         <input_file_ref idref="fl-12"/>
      </object_component>
      <object_component id="oc-213">
         <name>.debug_info</name>
         <load_address>0x50e9</load_address>
         <run_address>0x50e9</run_address>
         <size>0x1e4</size>
         <input_file_ref idref="fl-12"/>
      </object_component>
      <object_component id="oc-21a">
         <name>.debug_info</name>
         <load_address>0x52cd</load_address>
         <run_address>0x52cd</run_address>
         <size>0x217</size>
         <input_file_ref idref="fl-12"/>
      </object_component>
      <object_component id="oc-201">
         <name>.debug_info</name>
         <load_address>0x54e4</load_address>
         <run_address>0x54e4</run_address>
         <size>0x244</size>
         <input_file_ref idref="fl-12"/>
      </object_component>
      <object_component id="oc-1e9">
         <name>.debug_info</name>
         <load_address>0x5728</load_address>
         <run_address>0x5728</run_address>
         <size>0x242</size>
         <input_file_ref idref="fl-12"/>
      </object_component>
      <object_component id="oc-1ef">
         <name>.debug_info</name>
         <load_address>0x596a</load_address>
         <run_address>0x596a</run_address>
         <size>0x24a</size>
         <input_file_ref idref="fl-12"/>
      </object_component>
      <object_component id="oc-207">
         <name>.debug_info</name>
         <load_address>0x5bb4</load_address>
         <run_address>0x5bb4</run_address>
         <size>0x24d</size>
         <input_file_ref idref="fl-12"/>
      </object_component>
      <object_component id="oc-1f5">
         <name>.debug_info</name>
         <load_address>0x5e01</load_address>
         <run_address>0x5e01</run_address>
         <size>0x24e</size>
         <input_file_ref idref="fl-12"/>
      </object_component>
      <object_component id="oc-226">
         <name>.debug_info</name>
         <load_address>0x604f</load_address>
         <run_address>0x604f</run_address>
         <size>0x258</size>
         <input_file_ref idref="fl-12"/>
      </object_component>
      <object_component id="oc-1fb">
         <name>.debug_info</name>
         <load_address>0x62a7</load_address>
         <run_address>0x62a7</run_address>
         <size>0x27c</size>
         <input_file_ref idref="fl-12"/>
      </object_component>
      <object_component id="oc-20d">
         <name>.debug_info</name>
         <load_address>0x6523</load_address>
         <run_address>0x6523</run_address>
         <size>0x241</size>
         <input_file_ref idref="fl-12"/>
      </object_component>
      <object_component id="oc-140">
         <name>.debug_info</name>
         <load_address>0x6764</load_address>
         <run_address>0x6764</run_address>
         <size>0x277</size>
         <input_file_ref idref="fl-12"/>
      </object_component>
      <object_component id="oc-13a">
         <name>.debug_info</name>
         <load_address>0x69db</load_address>
         <run_address>0x69db</run_address>
         <size>0x519</size>
         <input_file_ref idref="fl-12"/>
      </object_component>
      <object_component id="oc-1d8">
         <name>.debug_info</name>
         <load_address>0x6ef4</load_address>
         <run_address>0x6ef4</run_address>
         <size>0x3ba</size>
         <input_file_ref idref="fl-12"/>
      </object_component>
      <object_component id="oc-19b">
         <name>.debug_info</name>
         <load_address>0x72ae</load_address>
         <run_address>0x72ae</run_address>
         <size>0x243</size>
         <input_file_ref idref="fl-12"/>
      </object_component>
      <object_component id="oc-147">
         <name>.debug_info</name>
         <load_address>0x74f1</load_address>
         <run_address>0x74f1</run_address>
         <size>0x251</size>
         <input_file_ref idref="fl-12"/>
      </object_component>
      <object_component id="oc-132">
         <name>.debug_info</name>
         <load_address>0x7742</load_address>
         <run_address>0x7742</run_address>
         <size>0x241</size>
         <input_file_ref idref="fl-12"/>
      </object_component>
      <object_component id="oc-7e">
         <name>.debug_info</name>
         <load_address>0x7983</load_address>
         <run_address>0x7983</run_address>
         <size>0x147</size>
         <input_file_ref idref="fl-1e"/>
      </object_component>
      <object_component id="oc-1a7">
         <name>.debug_info</name>
         <load_address>0x7aca</load_address>
         <run_address>0x7aca</run_address>
         <size>0x116</size>
         <input_file_ref idref="fl-1f"/>
      </object_component>
      <object_component id="oc-8f">
         <name>.debug_info</name>
         <load_address>0x7be0</load_address>
         <run_address>0x7be0</run_address>
         <size>0x13c</size>
         <input_file_ref idref="fl-20"/>
      </object_component>
      <object_component id="oc-aa">
         <name>.debug_info</name>
         <load_address>0x7d1c</load_address>
         <run_address>0x7d1c</run_address>
         <size>0x1ae</size>
         <input_file_ref idref="fl-21"/>
      </object_component>
      <object_component id="oc-2a">
         <name>.debug_info</name>
         <load_address>0x7eca</load_address>
         <run_address>0x7eca</run_address>
         <size>0x1a6</size>
         <input_file_ref idref="fl-23"/>
      </object_component>
      <object_component id="oc-22">
         <name>.debug_info</name>
         <load_address>0x8070</load_address>
         <run_address>0x8070</run_address>
         <size>0x1fb</size>
         <input_file_ref idref="fl-24"/>
      </object_component>
      <object_component id="oc-e0">
         <name>.debug_info</name>
         <load_address>0x826b</load_address>
         <run_address>0x826b</run_address>
         <size>0x18d</size>
         <input_file_ref idref="fl-25"/>
      </object_component>
      <object_component id="oc-9d">
         <name>.debug_info</name>
         <load_address>0x83f8</load_address>
         <run_address>0x83f8</run_address>
         <size>0x198</size>
         <input_file_ref idref="fl-25"/>
      </object_component>
      <object_component id="oc-e3">
         <name>.debug_info</name>
         <load_address>0x8590</load_address>
         <run_address>0x8590</run_address>
         <size>0xf6</size>
         <input_file_ref idref="fl-26"/>
      </object_component>
      <object_component id="oc-183">
         <name>.debug_info</name>
         <load_address>0x8686</load_address>
         <run_address>0x8686</run_address>
         <size>0xfa</size>
         <input_file_ref idref="fl-26"/>
      </object_component>
      <object_component id="oc-122">
         <name>.debug_info</name>
         <load_address>0x8780</load_address>
         <run_address>0x8780</run_address>
         <size>0x1f2</size>
         <input_file_ref idref="fl-26"/>
      </object_component>
      <object_component id="oc-96">
         <name>.debug_info</name>
         <load_address>0x8972</load_address>
         <run_address>0x8972</run_address>
         <size>0x14c</size>
         <input_file_ref idref="fl-27"/>
      </object_component>
      <object_component id="oc-4f">
         <name>.debug_info</name>
         <load_address>0x8abe</load_address>
         <run_address>0x8abe</run_address>
         <size>0x18a</size>
         <input_file_ref idref="fl-2a"/>
      </object_component>
      <object_component id="oc-ed">
         <name>.debug_info</name>
         <load_address>0x8c48</load_address>
         <run_address>0x8c48</run_address>
         <size>0x136</size>
         <input_file_ref idref="fl-2b"/>
      </object_component>
      <object_component id="oc-264">
         <name>.debug_info</name>
         <load_address>0x8d7e</load_address>
         <run_address>0x8d7e</run_address>
         <size>0xa7</size>
      </object_component>
      <object_component id="oc-10f">
         <name>.debug_line</name>
         <load_address>0x0</load_address>
         <run_address>0x0</run_address>
         <size>0x1c0</size>
         <input_file_ref idref="fl-2"/>
      </object_component>
      <object_component id="oc-1ca">
         <name>.debug_line</name>
         <load_address>0x1c0</load_address>
         <run_address>0x1c0</run_address>
         <size>0xa4</size>
         <input_file_ref idref="fl-2"/>
      </object_component>
      <object_component id="oc-112">
         <name>.debug_line</name>
         <load_address>0x264</load_address>
         <run_address>0x264</run_address>
         <size>0x4f</size>
         <input_file_ref idref="fl-3"/>
      </object_component>
      <object_component id="oc-1cd">
         <name>.debug_line</name>
         <load_address>0x2b3</load_address>
         <run_address>0x2b3</run_address>
         <size>0x21</size>
         <input_file_ref idref="fl-3"/>
      </object_component>
      <object_component id="oc-db">
         <name>.debug_line</name>
         <load_address>0x2d4</load_address>
         <run_address>0x2d4</run_address>
         <size>0x49</size>
         <input_file_ref idref="fl-4"/>
      </object_component>
      <object_component id="oc-180">
         <name>.debug_line</name>
         <load_address>0x31d</load_address>
         <run_address>0x31d</run_address>
         <size>0x21</size>
         <input_file_ref idref="fl-4"/>
      </object_component>
      <object_component id="oc-2e">
         <name>.debug_line</name>
         <load_address>0x33e</load_address>
         <run_address>0x33e</run_address>
         <size>0x55</size>
         <input_file_ref idref="fl-5"/>
      </object_component>
      <object_component id="oc-65">
         <name>.debug_line</name>
         <load_address>0x393</load_address>
         <run_address>0x393</run_address>
         <size>0x5d</size>
         <input_file_ref idref="fl-5"/>
      </object_component>
      <object_component id="oc-1ba">
         <name>.debug_line</name>
         <load_address>0x3f0</load_address>
         <run_address>0x3f0</run_address>
         <size>0x37</size>
         <input_file_ref idref="fl-6"/>
      </object_component>
      <object_component id="oc-101">
         <name>.debug_line</name>
         <load_address>0x427</load_address>
         <run_address>0x427</run_address>
         <size>0x3fd</size>
         <input_file_ref idref="fl-6"/>
      </object_component>
      <object_component id="oc-1bc">
         <name>.debug_line</name>
         <load_address>0x824</load_address>
         <run_address>0x824</run_address>
         <size>0xa5</size>
         <input_file_ref idref="fl-6"/>
      </object_component>
      <object_component id="oc-1af">
         <name>.debug_line</name>
         <load_address>0x8c9</load_address>
         <run_address>0x8c9</run_address>
         <size>0x98</size>
         <input_file_ref idref="fl-f"/>
      </object_component>
      <object_component id="oc-14b">
         <name>.debug_line</name>
         <load_address>0x961</load_address>
         <run_address>0x961</run_address>
         <size>0xa2</size>
         <input_file_ref idref="fl-f"/>
      </object_component>
      <object_component id="oc-170">
         <name>.debug_line</name>
         <load_address>0xa03</load_address>
         <run_address>0xa03</run_address>
         <size>0xb1</size>
         <input_file_ref idref="fl-f"/>
      </object_component>
      <object_component id="oc-151">
         <name>.debug_line</name>
         <load_address>0xab4</load_address>
         <run_address>0xab4</run_address>
         <size>0x9f</size>
         <input_file_ref idref="fl-f"/>
      </object_component>
      <object_component id="oc-161">
         <name>.debug_line</name>
         <load_address>0xb53</load_address>
         <run_address>0xb53</run_address>
         <size>0x9f</size>
         <input_file_ref idref="fl-f"/>
      </object_component>
      <object_component id="oc-15a">
         <name>.debug_line</name>
         <load_address>0xbf2</load_address>
         <run_address>0xbf2</run_address>
         <size>0x9f</size>
         <input_file_ref idref="fl-f"/>
      </object_component>
      <object_component id="oc-1e0">
         <name>.debug_line</name>
         <load_address>0xc91</load_address>
         <run_address>0xc91</run_address>
         <size>0xe4</size>
         <input_file_ref idref="fl-f"/>
      </object_component>
      <object_component id="oc-16c">
         <name>.debug_line</name>
         <load_address>0xd75</load_address>
         <run_address>0xd75</run_address>
         <size>0x9d</size>
         <input_file_ref idref="fl-10"/>
      </object_component>
      <object_component id="oc-109">
         <name>.debug_line</name>
         <load_address>0xe12</load_address>
         <run_address>0xe12</run_address>
         <size>0xb8</size>
         <input_file_ref idref="fl-10"/>
      </object_component>
      <object_component id="oc-3d">
         <name>.debug_line</name>
         <load_address>0xeca</load_address>
         <run_address>0xeca</run_address>
         <size>0xa3</size>
         <input_file_ref idref="fl-10"/>
      </object_component>
      <object_component id="oc-43">
         <name>.debug_line</name>
         <load_address>0xf6d</load_address>
         <run_address>0xf6d</run_address>
         <size>0x9b</size>
         <input_file_ref idref="fl-10"/>
      </object_component>
      <object_component id="oc-45">
         <name>.debug_line</name>
         <load_address>0x1008</load_address>
         <run_address>0x1008</run_address>
         <size>0x9b</size>
         <input_file_ref idref="fl-10"/>
      </object_component>
      <object_component id="oc-3b">
         <name>.debug_line</name>
         <load_address>0x10a3</load_address>
         <run_address>0x10a3</run_address>
         <size>0xb1</size>
         <input_file_ref idref="fl-10"/>
      </object_component>
      <object_component id="oc-84">
         <name>.debug_line</name>
         <load_address>0x1154</load_address>
         <run_address>0x1154</run_address>
         <size>0x21</size>
         <input_file_ref idref="fl-10"/>
      </object_component>
      <object_component id="oc-1c4">
         <name>.debug_line</name>
         <load_address>0x1175</load_address>
         <run_address>0x1175</run_address>
         <size>0x97</size>
         <input_file_ref idref="fl-11"/>
      </object_component>
      <object_component id="oc-179">
         <name>.debug_line</name>
         <load_address>0x120c</load_address>
         <run_address>0x120c</run_address>
         <size>0xa0</size>
         <input_file_ref idref="fl-11"/>
      </object_component>
      <object_component id="oc-1e4">
         <name>.debug_line</name>
         <load_address>0x12ac</load_address>
         <run_address>0x12ac</run_address>
         <size>0xe3</size>
         <input_file_ref idref="fl-11"/>
      </object_component>
      <object_component id="oc-1a0">
         <name>.debug_line</name>
         <load_address>0x138f</load_address>
         <run_address>0x138f</run_address>
         <size>0x9d</size>
         <input_file_ref idref="fl-12"/>
      </object_component>
      <object_component id="oc-193">
         <name>.debug_line</name>
         <load_address>0x142c</load_address>
         <run_address>0x142c</run_address>
         <size>0x9a</size>
         <input_file_ref idref="fl-12"/>
      </object_component>
      <object_component id="oc-212">
         <name>.debug_line</name>
         <load_address>0x14c6</load_address>
         <run_address>0x14c6</run_address>
         <size>0x9c</size>
         <input_file_ref idref="fl-12"/>
      </object_component>
      <object_component id="oc-219">
         <name>.debug_line</name>
         <load_address>0x1562</load_address>
         <run_address>0x1562</run_address>
         <size>0x9c</size>
         <input_file_ref idref="fl-12"/>
      </object_component>
      <object_component id="oc-200">
         <name>.debug_line</name>
         <load_address>0x15fe</load_address>
         <run_address>0x15fe</run_address>
         <size>0x9d</size>
         <input_file_ref idref="fl-12"/>
      </object_component>
      <object_component id="oc-1e8">
         <name>.debug_line</name>
         <load_address>0x169b</load_address>
         <run_address>0x169b</run_address>
         <size>0x9d</size>
         <input_file_ref idref="fl-12"/>
      </object_component>
      <object_component id="oc-1ee">
         <name>.debug_line</name>
         <load_address>0x1738</load_address>
         <run_address>0x1738</run_address>
         <size>0xa1</size>
         <input_file_ref idref="fl-12"/>
      </object_component>
      <object_component id="oc-206">
         <name>.debug_line</name>
         <load_address>0x17d9</load_address>
         <run_address>0x17d9</run_address>
         <size>0xa2</size>
         <input_file_ref idref="fl-12"/>
      </object_component>
      <object_component id="oc-1f4">
         <name>.debug_line</name>
         <load_address>0x187b</load_address>
         <run_address>0x187b</run_address>
         <size>0x9d</size>
         <input_file_ref idref="fl-12"/>
      </object_component>
      <object_component id="oc-225">
         <name>.debug_line</name>
         <load_address>0x1918</load_address>
         <run_address>0x1918</run_address>
         <size>0x9d</size>
         <input_file_ref idref="fl-12"/>
      </object_component>
      <object_component id="oc-1f9">
         <name>.debug_line</name>
         <load_address>0x19b5</load_address>
         <run_address>0x19b5</run_address>
         <size>0xa7</size>
         <input_file_ref idref="fl-12"/>
      </object_component>
      <object_component id="oc-20b">
         <name>.debug_line</name>
         <load_address>0x1a5c</load_address>
         <run_address>0x1a5c</run_address>
         <size>0xa1</size>
         <input_file_ref idref="fl-12"/>
      </object_component>
      <object_component id="oc-13e">
         <name>.debug_line</name>
         <load_address>0x1afd</load_address>
         <run_address>0x1afd</run_address>
         <size>0xb4</size>
         <input_file_ref idref="fl-12"/>
      </object_component>
      <object_component id="oc-138">
         <name>.debug_line</name>
         <load_address>0x1bb1</load_address>
         <run_address>0x1bb1</run_address>
         <size>0x19e</size>
         <input_file_ref idref="fl-12"/>
      </object_component>
      <object_component id="oc-1d7">
         <name>.debug_line</name>
         <load_address>0x1d4f</load_address>
         <run_address>0x1d4f</run_address>
         <size>0xd2</size>
         <input_file_ref idref="fl-12"/>
      </object_component>
      <object_component id="oc-19a">
         <name>.debug_line</name>
         <load_address>0x1e21</load_address>
         <run_address>0x1e21</run_address>
         <size>0xbe</size>
         <input_file_ref idref="fl-12"/>
      </object_component>
      <object_component id="oc-145">
         <name>.debug_line</name>
         <load_address>0x1edf</load_address>
         <run_address>0x1edf</run_address>
         <size>0xa1</size>
         <input_file_ref idref="fl-12"/>
      </object_component>
      <object_component id="oc-135">
         <name>.debug_line</name>
         <load_address>0x1f80</load_address>
         <run_address>0x1f80</run_address>
         <size>0xc7</size>
         <input_file_ref idref="fl-12"/>
      </object_component>
      <object_component id="oc-1d2">
         <name>.debug_line</name>
         <load_address>0x2047</load_address>
         <run_address>0x2047</run_address>
         <size>0x14b</size>
         <input_file_ref idref="fl-12"/>
      </object_component>
      <object_component id="oc-81">
         <name>.debug_line</name>
         <load_address>0x2192</load_address>
         <run_address>0x2192</run_address>
         <size>0x4f</size>
         <input_file_ref idref="fl-1e"/>
      </object_component>
      <object_component id="oc-1a9">
         <name>.debug_line</name>
         <load_address>0x21e1</load_address>
         <run_address>0x21e1</run_address>
         <size>0xae</size>
         <input_file_ref idref="fl-1f"/>
      </object_component>
      <object_component id="oc-92">
         <name>.debug_line</name>
         <load_address>0x228f</load_address>
         <run_address>0x228f</run_address>
         <size>0x3f</size>
         <input_file_ref idref="fl-20"/>
      </object_component>
      <object_component id="oc-e8">
         <name>.debug_line</name>
         <load_address>0x22ce</load_address>
         <run_address>0x22ce</run_address>
         <size>0x21</size>
         <input_file_ref idref="fl-20"/>
      </object_component>
      <object_component id="oc-a9">
         <name>.debug_line</name>
         <load_address>0x22ef</load_address>
         <run_address>0x22ef</run_address>
         <size>0x74</size>
         <input_file_ref idref="fl-21"/>
      </object_component>
      <object_component id="oc-12d">
         <name>.debug_line</name>
         <load_address>0x2363</load_address>
         <run_address>0x2363</run_address>
         <size>0x21</size>
         <input_file_ref idref="fl-21"/>
      </object_component>
      <object_component id="oc-29">
         <name>.debug_line</name>
         <load_address>0x2384</load_address>
         <run_address>0x2384</run_address>
         <size>0x57</size>
         <input_file_ref idref="fl-23"/>
      </object_component>
      <object_component id="oc-72">
         <name>.debug_line</name>
         <load_address>0x23db</load_address>
         <run_address>0x23db</run_address>
         <size>0x21</size>
         <input_file_ref idref="fl-23"/>
      </object_component>
      <object_component id="oc-25">
         <name>.debug_line</name>
         <load_address>0x23fc</load_address>
         <run_address>0x23fc</run_address>
         <size>0x9a</size>
         <input_file_ref idref="fl-24"/>
      </object_component>
      <object_component id="oc-6d">
         <name>.debug_line</name>
         <load_address>0x2496</load_address>
         <run_address>0x2496</run_address>
         <size>0x21</size>
         <input_file_ref idref="fl-24"/>
      </object_component>
      <object_component id="oc-11d">
         <name>.debug_line</name>
         <load_address>0x24b7</load_address>
         <run_address>0x24b7</run_address>
         <size>0x2b</size>
         <input_file_ref idref="fl-25"/>
      </object_component>
      <object_component id="oc-a0">
         <name>.debug_line</name>
         <load_address>0x24e2</load_address>
         <run_address>0x24e2</run_address>
         <size>0x66</size>
         <input_file_ref idref="fl-25"/>
      </object_component>
      <object_component id="oc-128">
         <name>.debug_line</name>
         <load_address>0x2548</load_address>
         <run_address>0x2548</run_address>
         <size>0x21</size>
         <input_file_ref idref="fl-25"/>
      </object_component>
      <object_component id="oc-125">
         <name>.debug_line</name>
         <load_address>0x2569</load_address>
         <run_address>0x2569</run_address>
         <size>0x2c</size>
         <input_file_ref idref="fl-26"/>
      </object_component>
      <object_component id="oc-1d0">
         <name>.debug_line</name>
         <load_address>0x2595</load_address>
         <run_address>0x2595</run_address>
         <size>0x2c</size>
         <input_file_ref idref="fl-26"/>
      </object_component>
      <object_component id="oc-121">
         <name>.debug_line</name>
         <load_address>0x25c1</load_address>
         <run_address>0x25c1</run_address>
         <size>0x5f</size>
         <input_file_ref idref="fl-26"/>
      </object_component>
      <object_component id="oc-187">
         <name>.debug_line</name>
         <load_address>0x2620</load_address>
         <run_address>0x2620</run_address>
         <size>0x21</size>
         <input_file_ref idref="fl-26"/>
      </object_component>
      <object_component id="oc-9a">
         <name>.debug_line</name>
         <load_address>0x2641</load_address>
         <run_address>0x2641</run_address>
         <size>0x4e</size>
         <input_file_ref idref="fl-27"/>
      </object_component>
      <object_component id="oc-11a">
         <name>.debug_line</name>
         <load_address>0x268f</load_address>
         <run_address>0x268f</run_address>
         <size>0x30</size>
         <input_file_ref idref="fl-27"/>
      </object_component>
      <object_component id="oc-52">
         <name>.debug_line</name>
         <load_address>0x26bf</load_address>
         <run_address>0x26bf</run_address>
         <size>0x63</size>
         <input_file_ref idref="fl-2a"/>
      </object_component>
      <object_component id="oc-87">
         <name>.debug_line</name>
         <load_address>0x2722</load_address>
         <run_address>0x2722</run_address>
         <size>0x21</size>
         <input_file_ref idref="fl-2a"/>
      </object_component>
      <object_component id="oc-ec">
         <name>.debug_line</name>
         <load_address>0x2743</load_address>
         <run_address>0x2743</run_address>
         <size>0x3b</size>
         <input_file_ref idref="fl-2b"/>
      </object_component>
      <object_component id="oc-18a">
         <name>.debug_line</name>
         <load_address>0x277e</load_address>
         <run_address>0x277e</run_address>
         <size>0x21</size>
         <input_file_ref idref="fl-2b"/>
      </object_component>
      <object_component id="oc-110">
         <name>.debug_frame</name>
         <load_address>0x0</load_address>
         <run_address>0x0</run_address>
         <size>0x170</size>
         <input_file_ref idref="fl-2"/>
      </object_component>
      <object_component id="oc-113">
         <name>.debug_frame</name>
         <load_address>0x170</load_address>
         <run_address>0x170</run_address>
         <size>0x40</size>
         <input_file_ref idref="fl-3"/>
      </object_component>
      <object_component id="oc-dc">
         <name>.debug_frame</name>
         <load_address>0x1b0</load_address>
         <run_address>0x1b0</run_address>
         <size>0x40</size>
         <input_file_ref idref="fl-4"/>
      </object_component>
      <object_component id="oc-102">
         <name>.debug_frame</name>
         <load_address>0x1f0</load_address>
         <run_address>0x1f0</run_address>
         <size>0x230</size>
         <input_file_ref idref="fl-6"/>
      </object_component>
      <object_component id="oc-1ae">
         <name>.debug_frame</name>
         <load_address>0x420</load_address>
         <run_address>0x420</run_address>
         <size>0x44</size>
         <input_file_ref idref="fl-f"/>
      </object_component>
      <object_component id="oc-14f">
         <name>.debug_frame</name>
         <load_address>0x464</load_address>
         <run_address>0x464</run_address>
         <size>0x44</size>
         <input_file_ref idref="fl-f"/>
      </object_component>
      <object_component id="oc-174">
         <name>.debug_frame</name>
         <load_address>0x4a8</load_address>
         <run_address>0x4a8</run_address>
         <size>0x44</size>
         <input_file_ref idref="fl-f"/>
      </object_component>
      <object_component id="oc-155">
         <name>.debug_frame</name>
         <load_address>0x4ec</load_address>
         <run_address>0x4ec</run_address>
         <size>0x44</size>
         <input_file_ref idref="fl-f"/>
      </object_component>
      <object_component id="oc-15d">
         <name>.debug_frame</name>
         <load_address>0x530</load_address>
         <run_address>0x530</run_address>
         <size>0x44</size>
         <input_file_ref idref="fl-f"/>
      </object_component>
      <object_component id="oc-15b">
         <name>.debug_frame</name>
         <load_address>0x574</load_address>
         <run_address>0x574</run_address>
         <size>0x44</size>
         <input_file_ref idref="fl-f"/>
      </object_component>
      <object_component id="oc-16b">
         <name>.debug_frame</name>
         <load_address>0x5b8</load_address>
         <run_address>0x5b8</run_address>
         <size>0x40</size>
         <input_file_ref idref="fl-10"/>
      </object_component>
      <object_component id="oc-10a">
         <name>.debug_frame</name>
         <load_address>0x5f8</load_address>
         <run_address>0x5f8</run_address>
         <size>0x40</size>
         <input_file_ref idref="fl-10"/>
      </object_component>
      <object_component id="oc-36">
         <name>.debug_frame</name>
         <load_address>0x638</load_address>
         <run_address>0x638</run_address>
         <size>0x4c</size>
         <input_file_ref idref="fl-10"/>
      </object_component>
      <object_component id="oc-42">
         <name>.debug_frame</name>
         <load_address>0x684</load_address>
         <run_address>0x684</run_address>
         <size>0x48</size>
         <input_file_ref idref="fl-10"/>
      </object_component>
      <object_component id="oc-49">
         <name>.debug_frame</name>
         <load_address>0x6cc</load_address>
         <run_address>0x6cc</run_address>
         <size>0x48</size>
         <input_file_ref idref="fl-10"/>
      </object_component>
      <object_component id="oc-3c">
         <name>.debug_frame</name>
         <load_address>0x714</load_address>
         <run_address>0x714</run_address>
         <size>0x44</size>
         <input_file_ref idref="fl-10"/>
      </object_component>
      <object_component id="oc-1c5">
         <name>.debug_frame</name>
         <load_address>0x758</load_address>
         <run_address>0x758</run_address>
         <size>0x44</size>
         <input_file_ref idref="fl-11"/>
      </object_component>
      <object_component id="oc-17a">
         <name>.debug_frame</name>
         <load_address>0x79c</load_address>
         <run_address>0x79c</run_address>
         <size>0x50</size>
         <input_file_ref idref="fl-11"/>
      </object_component>
      <object_component id="oc-1a1">
         <name>.debug_frame</name>
         <load_address>0x7ec</load_address>
         <run_address>0x7ec</run_address>
         <size>0x40</size>
         <input_file_ref idref="fl-12"/>
      </object_component>
      <object_component id="oc-194">
         <name>.debug_frame</name>
         <load_address>0x82c</load_address>
         <run_address>0x82c</run_address>
         <size>0x40</size>
         <input_file_ref idref="fl-12"/>
      </object_component>
      <object_component id="oc-211">
         <name>.debug_frame</name>
         <load_address>0x86c</load_address>
         <run_address>0x86c</run_address>
         <size>0x40</size>
         <input_file_ref idref="fl-12"/>
      </object_component>
      <object_component id="oc-218">
         <name>.debug_frame</name>
         <load_address>0x8ac</load_address>
         <run_address>0x8ac</run_address>
         <size>0x44</size>
         <input_file_ref idref="fl-12"/>
      </object_component>
      <object_component id="oc-1ff">
         <name>.debug_frame</name>
         <load_address>0x8f0</load_address>
         <run_address>0x8f0</run_address>
         <size>0x44</size>
         <input_file_ref idref="fl-12"/>
      </object_component>
      <object_component id="oc-1e7">
         <name>.debug_frame</name>
         <load_address>0x934</load_address>
         <run_address>0x934</run_address>
         <size>0x44</size>
         <input_file_ref idref="fl-12"/>
      </object_component>
      <object_component id="oc-1ed">
         <name>.debug_frame</name>
         <load_address>0x978</load_address>
         <run_address>0x978</run_address>
         <size>0x44</size>
         <input_file_ref idref="fl-12"/>
      </object_component>
      <object_component id="oc-205">
         <name>.debug_frame</name>
         <load_address>0x9bc</load_address>
         <run_address>0x9bc</run_address>
         <size>0x44</size>
         <input_file_ref idref="fl-12"/>
      </object_component>
      <object_component id="oc-1f3">
         <name>.debug_frame</name>
         <load_address>0xa00</load_address>
         <run_address>0xa00</run_address>
         <size>0x44</size>
         <input_file_ref idref="fl-12"/>
      </object_component>
      <object_component id="oc-224">
         <name>.debug_frame</name>
         <load_address>0xa44</load_address>
         <run_address>0xa44</run_address>
         <size>0x44</size>
         <input_file_ref idref="fl-12"/>
      </object_component>
      <object_component id="oc-1fa">
         <name>.debug_frame</name>
         <load_address>0xa88</load_address>
         <run_address>0xa88</run_address>
         <size>0x44</size>
         <input_file_ref idref="fl-12"/>
      </object_component>
      <object_component id="oc-20c">
         <name>.debug_frame</name>
         <load_address>0xacc</load_address>
         <run_address>0xacc</run_address>
         <size>0x40</size>
         <input_file_ref idref="fl-12"/>
      </object_component>
      <object_component id="oc-13f">
         <name>.debug_frame</name>
         <load_address>0xb0c</load_address>
         <run_address>0xb0c</run_address>
         <size>0x44</size>
         <input_file_ref idref="fl-12"/>
      </object_component>
      <object_component id="oc-139">
         <name>.debug_frame</name>
         <load_address>0xb50</load_address>
         <run_address>0xb50</run_address>
         <size>0x50</size>
         <input_file_ref idref="fl-12"/>
      </object_component>
      <object_component id="oc-1d6">
         <name>.debug_frame</name>
         <load_address>0xba0</load_address>
         <run_address>0xba0</run_address>
         <size>0x44</size>
         <input_file_ref idref="fl-12"/>
      </object_component>
      <object_component id="oc-199">
         <name>.debug_frame</name>
         <load_address>0xbe4</load_address>
         <run_address>0xbe4</run_address>
         <size>0x44</size>
         <input_file_ref idref="fl-12"/>
      </object_component>
      <object_component id="oc-146">
         <name>.debug_frame</name>
         <load_address>0xc28</load_address>
         <run_address>0xc28</run_address>
         <size>0x44</size>
         <input_file_ref idref="fl-12"/>
      </object_component>
      <object_component id="oc-136">
         <name>.debug_frame</name>
         <load_address>0xc6c</load_address>
         <run_address>0xc6c</run_address>
         <size>0x44</size>
         <input_file_ref idref="fl-12"/>
      </object_component>
      <object_component id="oc-93">
         <name>.debug_frame</name>
         <load_address>0xcb0</load_address>
         <run_address>0xcb0</run_address>
         <size>0x40</size>
         <input_file_ref idref="fl-20"/>
      </object_component>
      <object_component id="oc-a8">
         <name>.debug_frame</name>
         <load_address>0xcf0</load_address>
         <run_address>0xcf0</run_address>
         <size>0x58</size>
         <input_file_ref idref="fl-21"/>
      </object_component>
      <object_component id="oc-28">
         <name>.debug_frame</name>
         <load_address>0xd48</load_address>
         <run_address>0xd48</run_address>
         <size>0x40</size>
         <input_file_ref idref="fl-23"/>
      </object_component>
      <object_component id="oc-21">
         <name>.debug_frame</name>
         <load_address>0xd88</load_address>
         <run_address>0xd88</run_address>
         <size>0x40</size>
         <input_file_ref idref="fl-24"/>
      </object_component>
      <object_component id="oc-9c">
         <name>.debug_frame</name>
         <load_address>0xdc8</load_address>
         <run_address>0xdc8</run_address>
         <size>0x60</size>
         <input_file_ref idref="fl-25"/>
      </object_component>
      <object_component id="oc-11f">
         <name>.debug_frame</name>
         <load_address>0xe28</load_address>
         <run_address>0xe28</run_address>
         <size>0x70</size>
         <input_file_ref idref="fl-26"/>
      </object_component>
      <object_component id="oc-99">
         <name>.debug_frame</name>
         <load_address>0xe98</load_address>
         <run_address>0xe98</run_address>
         <size>0x40</size>
         <input_file_ref idref="fl-27"/>
      </object_component>
      <object_component id="oc-4e">
         <name>.debug_frame</name>
         <load_address>0xed8</load_address>
         <run_address>0xed8</run_address>
         <size>0x40</size>
         <input_file_ref idref="fl-2a"/>
      </object_component>
      <object_component id="oc-eb">
         <name>.debug_frame</name>
         <load_address>0xf18</load_address>
         <run_address>0xf18</run_address>
         <size>0x40</size>
         <input_file_ref idref="fl-2b"/>
      </object_component>
      <object_component id="oc-17b">
         <name>.debug_abbrev</name>
         <load_address>0x0</load_address>
         <run_address>0x0</run_address>
         <size>0xae</size>
         <input_file_ref idref="fl-2"/>
      </object_component>
      <object_component id="oc-1c9">
         <name>.debug_abbrev</name>
         <load_address>0xae</load_address>
         <run_address>0xae</run_address>
         <size>0x8f</size>
         <input_file_ref idref="fl-2"/>
      </object_component>
      <object_component id="oc-17d">
         <name>.debug_abbrev</name>
         <load_address>0x13d</load_address>
         <run_address>0x13d</run_address>
         <size>0x46</size>
         <input_file_ref idref="fl-3"/>
      </object_component>
      <object_component id="oc-1cc">
         <name>.debug_abbrev</name>
         <load_address>0x183</load_address>
         <run_address>0x183</run_address>
         <size>0x1c</size>
         <input_file_ref idref="fl-3"/>
      </object_component>
      <object_component id="oc-117">
         <name>.debug_abbrev</name>
         <load_address>0x19f</load_address>
         <run_address>0x19f</run_address>
         <size>0x48</size>
         <input_file_ref idref="fl-4"/>
      </object_component>
      <object_component id="oc-17f">
         <name>.debug_abbrev</name>
         <load_address>0x1e7</load_address>
         <run_address>0x1e7</run_address>
         <size>0x1c</size>
         <input_file_ref idref="fl-4"/>
      </object_component>
      <object_component id="oc-66">
         <name>.debug_abbrev</name>
         <load_address>0x203</load_address>
         <run_address>0x203</run_address>
         <size>0x25</size>
         <input_file_ref idref="fl-5"/>
      </object_component>
      <object_component id="oc-82">
         <name>.debug_abbrev</name>
         <load_address>0x228</load_address>
         <run_address>0x228</run_address>
         <size>0x25</size>
         <input_file_ref idref="fl-5"/>
      </object_component>
      <object_component id="oc-1b9">
         <name>.debug_abbrev</name>
         <load_address>0x24d</load_address>
         <run_address>0x24d</run_address>
         <size>0x28</size>
         <input_file_ref idref="fl-6"/>
      </object_component>
      <object_component id="oc-165">
         <name>.debug_abbrev</name>
         <load_address>0x275</load_address>
         <run_address>0x275</run_address>
         <size>0x103</size>
         <input_file_ref idref="fl-6"/>
      </object_component>
      <object_component id="oc-1bb">
         <name>.debug_abbrev</name>
         <load_address>0x378</load_address>
         <run_address>0x378</run_address>
         <size>0xa5</size>
         <input_file_ref idref="fl-6"/>
      </object_component>
      <object_component id="oc-1de">
         <name>.debug_abbrev</name>
         <load_address>0x41d</load_address>
         <run_address>0x41d</run_address>
         <size>0x5c</size>
         <input_file_ref idref="fl-f"/>
      </object_component>
      <object_component id="oc-1b4">
         <name>.debug_abbrev</name>
         <load_address>0x479</load_address>
         <run_address>0x479</run_address>
         <size>0x6a</size>
         <input_file_ref idref="fl-f"/>
      </object_component>
      <object_component id="oc-1bf">
         <name>.debug_abbrev</name>
         <load_address>0x4e3</load_address>
         <run_address>0x4e3</run_address>
         <size>0x6a</size>
         <input_file_ref idref="fl-f"/>
      </object_component>
      <object_component id="oc-1b6">
         <name>.debug_abbrev</name>
         <load_address>0x54d</load_address>
         <run_address>0x54d</run_address>
         <size>0x6a</size>
         <input_file_ref idref="fl-f"/>
      </object_component>
      <object_component id="oc-1b8">
         <name>.debug_abbrev</name>
         <load_address>0x5b7</load_address>
         <run_address>0x5b7</run_address>
         <size>0x6a</size>
         <input_file_ref idref="fl-f"/>
      </object_component>
      <object_component id="oc-1b7">
         <name>.debug_abbrev</name>
         <load_address>0x621</load_address>
         <run_address>0x621</run_address>
         <size>0x5c</size>
         <input_file_ref idref="fl-f"/>
      </object_component>
      <object_component id="oc-1df">
         <name>.debug_abbrev</name>
         <load_address>0x67d</load_address>
         <run_address>0x67d</run_address>
         <size>0x69</size>
         <input_file_ref idref="fl-f"/>
      </object_component>
      <object_component id="oc-1be">
         <name>.debug_abbrev</name>
         <load_address>0x6e6</load_address>
         <run_address>0x6e6</run_address>
         <size>0x46</size>
         <input_file_ref idref="fl-10"/>
      </object_component>
      <object_component id="oc-16d">
         <name>.debug_abbrev</name>
         <load_address>0x72c</load_address>
         <run_address>0x72c</run_address>
         <size>0x54</size>
         <input_file_ref idref="fl-10"/>
      </object_component>
      <object_component id="oc-67">
         <name>.debug_abbrev</name>
         <load_address>0x780</load_address>
         <run_address>0x780</run_address>
         <size>0x48</size>
         <input_file_ref idref="fl-10"/>
      </object_component>
      <object_component id="oc-6a">
         <name>.debug_abbrev</name>
         <load_address>0x7c8</load_address>
         <run_address>0x7c8</run_address>
         <size>0x3b</size>
         <input_file_ref idref="fl-10"/>
      </object_component>
      <object_component id="oc-6b">
         <name>.debug_abbrev</name>
         <load_address>0x803</load_address>
         <run_address>0x803</run_address>
         <size>0x3b</size>
         <input_file_ref idref="fl-10"/>
      </object_component>
      <object_component id="oc-69">
         <name>.debug_abbrev</name>
         <load_address>0x83e</load_address>
         <run_address>0x83e</run_address>
         <size>0x51</size>
         <input_file_ref idref="fl-10"/>
      </object_component>
      <object_component id="oc-83">
         <name>.debug_abbrev</name>
         <load_address>0x88f</load_address>
         <run_address>0x88f</run_address>
         <size>0x44</size>
         <input_file_ref idref="fl-10"/>
      </object_component>
      <object_component id="oc-1e2">
         <name>.debug_abbrev</name>
         <load_address>0x8d3</load_address>
         <run_address>0x8d3</run_address>
         <size>0x5c</size>
         <input_file_ref idref="fl-11"/>
      </object_component>
      <object_component id="oc-1c7">
         <name>.debug_abbrev</name>
         <load_address>0x92f</load_address>
         <run_address>0x92f</run_address>
         <size>0x6a</size>
         <input_file_ref idref="fl-11"/>
      </object_component>
      <object_component id="oc-1e3">
         <name>.debug_abbrev</name>
         <load_address>0x999</load_address>
         <run_address>0x999</run_address>
         <size>0x83</size>
         <input_file_ref idref="fl-11"/>
      </object_component>
      <object_component id="oc-1dc">
         <name>.debug_abbrev</name>
         <load_address>0xa1c</load_address>
         <run_address>0xa1c</run_address>
         <size>0x44</size>
         <input_file_ref idref="fl-12"/>
      </object_component>
      <object_component id="oc-1d4">
         <name>.debug_abbrev</name>
         <load_address>0xa60</load_address>
         <run_address>0xa60</run_address>
         <size>0x46</size>
         <input_file_ref idref="fl-12"/>
      </object_component>
      <object_component id="oc-22a">
         <name>.debug_abbrev</name>
         <load_address>0xaa6</load_address>
         <run_address>0xaa6</run_address>
         <size>0x44</size>
         <input_file_ref idref="fl-12"/>
      </object_component>
      <object_component id="oc-22b">
         <name>.debug_abbrev</name>
         <load_address>0xaea</load_address>
         <run_address>0xaea</run_address>
         <size>0x5c</size>
         <input_file_ref idref="fl-12"/>
      </object_component>
      <object_component id="oc-221">
         <name>.debug_abbrev</name>
         <load_address>0xb46</load_address>
         <run_address>0xb46</run_address>
         <size>0x68</size>
         <input_file_ref idref="fl-12"/>
      </object_component>
      <object_component id="oc-21d">
         <name>.debug_abbrev</name>
         <load_address>0xbae</load_address>
         <run_address>0xbae</run_address>
         <size>0x68</size>
         <input_file_ref idref="fl-12"/>
      </object_component>
[...]
         <attributes>RWIX</attributes>
         <usage_details>
         </usage_details>
      </memory_area>
      <memory_area display="yes" color="green">
         <name>RAMGS0</name>
         <page_id>0x1</page_id>
         <origin>0xc000</origin>
         <length>0x1000</length>
         <used_space>0x0</used_space>
         <unused_space>0x1000</unused_space>
         <attributes>RWIX</attributes>
         <usage_details>
         </usage_details>
      </memory_area>
      <memory_area display="yes" color="green">
         <name>RAMGS1</name>
         <page_id>0x1</page_id>
         <origin>0xd000</origin>
         <length>0x1000</length>
         <used_space>0x0</used_space>
         <unused_space>0x1000</unused_space>
         <attributes>RWIX</attributes>
         <usage_details>
         </usage_details>
      </memory_area>
      <memory_area display="yes" color="green">
         <name>RAMGS2</name>
         <page_id>0x1</page_id>
         <origin>0xe000</origin>
         <length>0x1000</length>
         <used_space>0x0</used_space>
         <unused_space>0x1000</unused_space>
         <attributes>RWIX</attributes>
         <usage_details>
         </usage_details>
      </memory_area>
      <memory_area display="yes" color="green">
         <name>RAMGS3</name>
         <page_id>0x1</page_id>
         <origin>0xf000</origin>
         <length>0x1000</length>
         <used_space>0x0</used_space>
         <unused_space>0x1000</unused_space>
         <attributes>RWIX</attributes>
         <usage_details>
         </usage_details>
      </memory_area>
      <memory_area display="yes" color="green">
         <name>RAMGS4</name>
         <page_id>0x1</page_id>
         <origin>0x10000</origin>
         <length>0x1000</length>
         <used_space>0x0</used_space>
         <unused_space>0x1000</unused_space>
         <attributes>RWIX</attributes>
         <usage_details>
         </usage_details>
      </memory_area>
      <memory_area display="yes" color="green">
         <name>RAMGS5</name>
         <page_id>0x1</page_id>
         <origin>0x11000</origin>
         <length>0x1000</length>
         <used_space>0x0</used_space>
         <unused_space>0x1000</unused_space>
         <attributes>RWIX</attributes>
         <usage_details>
         </usage_details>
      </memory_area>
      <memory_area display="yes" color="green">
         <name>RAMGS6</name>
         <page_id>0x1</page_id>
         <origin>0x12000</origin>
         <length>0x1000</length>
         <used_space>0x0</used_space>
         <unused_space>0x1000</unused_space>
         <attributes>RWIX</attributes>
         <usage_details>
         </usage_details>
      </memory_area>
      <memory_area display="yes" color="green">
         <name>RAMGS7</name>
         <page_id>0x1</page_id>
         <origin>0x13000</origin>
         <length>0x1000</length>
         <used_space>0x0</used_space>
         <unused_space>0x1000</unused_space>
         <attributes>RWIX</attributes>
         <usage_details>
         </usage_details>
      </memory_area>
      <memory_area display="yes" color="green">
         <name>RAMGS8</name>
         <page_id>0x1</page_id>
         <origin>0x14000</origin>
         <length>0x1000</length>
         <used_space>0x0</used_space>
         <unused_space>0x1000</unused_space>
         <attributes>RWIX</attributes>
         <usage_details>
         </usage_details>
      </memory_area>
      <memory_area display="yes" color="green">
         <name>RAMGS9</name>
         <page_id>0x1</page_id>
         <origin>0x15000</origin>
         <length>0x1000</length>
         <used_space>0x0</used_space>
         <unused_space>0x1000</unused_space>
         <attributes>RWIX</attributes>
         <usage_details>
         </usage_details>
      </memory_area>
      <memory_area display="yes" color="green">
         <name>RAMGS10</name>
         <page_id>0x1</page_id>
         <origin>0x16000</origin>
         <length>0x1000</length>
         <used_space>0x0</used_space>
         <unused_space>0x1000</unused_space>
         <attributes>RWIX</attributes>
         <usage_details>
         </usage_details>
      </memory_area>
      <memory_area display="yes" color="green">
         <name>RAMGS11</name>
         <page_id>0x1</page_id>
         <origin>0x17000</origin>
         <length>0x1000</length>
         <used_space>0x0</used_space>
         <unused_space>0x1000</unused_space>
         <attributes>RWIX</attributes>
         <usage_details>
         </usage_details>
      </memory_area>
      <memory_area display="yes" color="green">
         <name>RAMGS12</name>
         <page_id>0x1</page_id>
         <origin>0x18000</origin>
         <length>0x1000</length>
         <used_space>0x0</used_space>
         <unused_space>0x1000</unused_space>
         <attributes>RWIX</attributes>
         <usage_details>
         </usage_details>
      </memory_area>
      <memory_area display="yes" color="green">
         <name>RAMGS13</name>
         <page_id>0x1</page_id>
         <origin>0x19000</origin>
         <length>0x1000</length>
         <used_space>0x0</used_space>
         <unused_space>0x1000</unused_space>
         <attributes>RWIX</attributes>
         <usage_details>
         </usage_details>
      </memory_area>
      <memory_area display="yes" color="green">
         <name>RAMGS14</name>
         <page_id>0x1</page_id>
         <origin>0x1a000</origin>
         <length>0x1000</length>
         <used_space>0x0</used_space>
         <unused_space>0x1000</unused_space>
         <attributes>RWIX</attributes>
         <usage_details>
         </usage_details>
      </memory_area>
      <memory_area display="yes" color="green">
         <name>RAMGS15</name>
         <page_id>0x1</page_id>
         <origin>0x1b000</origin>
         <length>0xff8</length>
         <used_space>0x0</used_space>
         <unused_space>0xff8</unused_space>
         <attributes>RWIX</attributes>
         <usage_details>
         </usage_details>
      </memory_area>
      <memory_area display="yes" color="green">
         <name>CPU2TOCPU1RAM</name>
         <page_id>0x1</page_id>
         <origin>0x3f800</origin>
         <length>0x400</length>
         <used_space>0x0</used_space>
         <unused_space>0x400</unused_space>
         <attributes>RWIX</attributes>
         <usage_details>
         </usage_details>
      </memory_area>
      <memory_area display="yes" color="green">
         <name>CPU1TOCPU2RAM</name>
         <page_id>0x1</page_id>
         <origin>0x3fc00</origin>
         <length>0x400</length>
         <used_space>0x0</used_space>
         <unused_space>0x400</unused_space>
         <attributes>RWIX</attributes>
         <usage_details>
         </usage_details>
      </memory_area>
      <memory_area display="yes" color="green">
         <name>CANA_MSG_RAM</name>
         <page_id>0x1</page_id>
         <origin>0x49000</origin>
         <length>0x800</length>
         <used_space>0x0</used_space>
         <unused_space>0x800</unused_space>
         <attributes>RWIX</attributes>
         <usage_details>
         </usage_details>
      </memory_area>
      <memory_area display="yes" color="green">
         <name>CANB_MSG_RAM</name>
         <page_id>0x1</page_id>
         <origin>0x4b000</origin>
         <length>0x800</length>
         <used_space>0x0</used_space>
         <unused_space>0x800</unused_space>
         <attributes>RWIX</attributes>
         <usage_details>
         </usage_details>
      </memory_area>
   </placement_map>
   <cptbl_list>
      <cptbl>
         <name>__TI_cinit_table</name>
         <cprec>
            <name>.data</name>
            <load_address>0x128</load_address>
            <load_size>0x9</load_size>
            <run_address>0xaa8c</run_address>
            <run_size>0x10</run_size>
            <compression>lzss</compression>
         </cprec>
      </cptbl>
   </cptbl_list>
   <handler_table>
      <handler_table_name>__TI_handler_table</handler_table_name>
      <handler>
         <index>0x0</index>
         <name>__TI_decompress_lzss</name>
      </handler>
      <handler>
         <index>0x1</index>
         <name>__TI_decompress_none</name>
      </handler>
   </handler_table>
   <symbol_table>
      <symbol id="sm-1">
         <name>__TI_CINIT_Base</name>
         <value>0x136</value>
      </symbol>
      <symbol id="sm-2">
         <name>__TI_CINIT_Limit</name>
         <value>0x13a</value>
      </symbol>
      <symbol id="sm-3">
         <name>__TI_CINIT_Warm</name>
         <value>0x13a</value>
      </symbol>
      <symbol id="sm-4">
         <name>__TI_Handler_Table_Base</name>
         <value>0x132</value>
      </symbol>
      <symbol id="sm-5">
         <name>__TI_Handler_Table_Limit</name>
         <value>0x136</value>
      </symbol>
      <symbol id="sm-6">
         <name>__TI_STACK_SIZE</name>
         <value>0x100</value>
      </symbol>
      <symbol id="sm-7">
         <name>__TI_STACK_END</name>
         <value>0x500</value>
      </symbol>
      <symbol id="sm-8">
         <name>__TI_pprof_out_hndl</name>
         <value>0xffffffff</value>
      </symbol>
      <symbol id="sm-9">
         <name>__TI_prof_data_start</name>
         <value>0xffffffff</value>
      </symbol>
      <symbol id="sm-a">
         <name>__TI_prof_data_size</name>
         <value>0xffffffff</value>
      </symbol>
      <symbol id="sm-4f">
         <name>SPI_init</name>
         <value>0xb706</value>
         <object_component_ref idref="oc-10b"/>
      </symbol>
      <symbol id="sm-50">
         <name>mySPI0_init</name>
         <value>0xb709</value>
         <object_component_ref idref="oc-10b"/>
      </symbol>
      <symbol id="sm-51">
         <name>PinMux_init</name>
         <value>0xb6cb</value>
         <object_component_ref idref="oc-10b"/>
      </symbol>
      <symbol id="sm-52">
         <name>Board_init</name>
         <value>0xb6c4</value>
         <object_component_ref idref="oc-10b"/>
      </symbol>
      <symbol id="sm-5f">
         <name>C2000Ware_libraries_init</name>
         <value>0xb7ff</value>
         <object_component_ref idref="oc-111"/>
      </symbol>
      <symbol id="sm-6d">
         <name>main</name>
         <value>0x8504</value>
         <object_component_ref idref="oc-d7"/>
      </symbol>
      <symbol id="sm-7c">
         <name>code_start</name>
         <value>0x0</value>
         <object_component_ref idref="oc-2d"/>
      </symbol>
      <symbol id="sm-ae">
         <name>Device_enableAllPeripherals</name>
         <value>0xb0f0</value>
         <object_component_ref idref="oc-ff"/>
      </symbol>
      <symbol id="sm-af">
         <name>Device_initGPIO</name>
         <value>0xb1db</value>
         <object_component_ref idref="oc-ff"/>
      </symbol>
      <symbol id="sm-b0">
         <name>Example_Fail</name>
         <value>0xaa90</value>
         <object_component_ref idref="oc-162"/>
      </symbol>
      <symbol id="sm-b1">
         <name>Example_setResultFail</name>
         <value>0xb3f9</value>
         <object_component_ref idref="oc-ff"/>
      </symbol>
      <symbol id="sm-b2">
         <name>Device_bootCPU2</name>
         <value>0xb273</value>
         <object_component_ref idref="oc-ff"/>
      </symbol>
      <symbol id="sm-b3">
         <name>Device_init</name>
         <value>0xb0ae</value>
         <object_component_ref idref="oc-ff"/>
      </symbol>
      <symbol id="sm-b4">
         <name>Example_Result</name>
         <value>0xaa8c</value>
         <object_component_ref idref="oc-162"/>
      </symbol>
      <symbol id="sm-b5">
         <name>Device_enableUnbondedGPIOPullups</name>
         <value>0xb22c</value>
         <object_component_ref idref="oc-ff"/>
      </symbol>
      <symbol id="sm-b6">
         <name>__error__</name>
         <value>0xb3ed</value>
         <object_component_ref idref="oc-ff"/>
      </symbol>
      <symbol id="sm-b7">
         <name>Example_setResultPass</name>
         <value>0xb3f4</value>
         <object_component_ref idref="oc-ff"/>
      </symbol>
      <symbol id="sm-b8">
         <name>Device_configureTMXAnalogTrim</name>
         <value>0xb242</value>
         <object_component_ref idref="oc-ff"/>
      </symbol>
      <symbol id="sm-b9">
         <name>Device_enableUnbondedGPIOPullupsFor176Pin</name>
         <value>0xb1fc</value>
         <object_component_ref idref="oc-ff"/>
      </symbol>
      <symbol id="sm-ba">
         <name>Example_done</name>
         <value>0xb3fe</value>
         <object_component_ref idref="oc-ff"/>
      </symbol>
      <symbol id="sm-bb">
         <name>Example_PassCount</name>
         <value>0xaa8e</value>
         <object_component_ref idref="oc-162"/>
      </symbol>
      <symbol id="sm-bc">
         <name>Device_enableUnbondedGPIOPullupsFor100Pin</name>
         <value>0xb20f</value>
         <object_component_ref idref="oc-ff"/>
      </symbol>
      <symbol id="sm-fe">
         <name>GPIO_setQualificationMode</name>
         <value>0x82e2</value>
         <object_component_ref idref="oc-150"/>
      </symbol>
      <symbol id="sm-ff">
         <name>GPIO_setPadConfig</name>
         <value>0x814c</value>
         <object_component_ref idref="oc-16f"/>
      </symbol>
      <symbol id="sm-100">
         <name>GPIO_setDirectionMode</name>
         <value>0xb7cc</value>
         <object_component_ref idref="oc-14a"/>
      </symbol>
      <symbol id="sm-101">
         <name>GPIO_setPinConfig</name>
         <value>0x82ab</value>
         <object_component_ref idref="oc-156"/>
      </symbol>
      <symbol id="sm-102">
         <name>GPIO_setControllerCore</name>
         <value>0x8274</value>
         <object_component_ref idref="oc-15c"/>
      </symbol>
      <symbol id="sm-13c">
         <name>Interrupt_defaultHandler</name>
         <value>0x8496</value>
         <object_component_ref idref="oc-32"/>
      </symbol>
      <symbol id="sm-13d">
         <name>Interrupt_initModule</name>
         <value>0x8237</value>
         <object_component_ref idref="oc-105"/>
      </symbol>
      <symbol id="sm-13e">
         <name>Interrupt_nmiHandler</name>
         <value>0x854f</value>
         <object_component_ref idref="oc-44"/>
      </symbol>
      <symbol id="sm-13f">
         <name>Interrupt_initVectorTable</name>
         <value>0x83e2</value>
         <object_component_ref idref="oc-37"/>
      </symbol>
      <symbol id="sm-140">
         <name>Interrupt_illegalOperationHandler</name>
         <value>0x8545</value>
         <object_component_ref idref="oc-3e"/>
      </symbol>
      <symbol id="sm-160">
         <name>SPI_setConfig</name>
         <value>0x80f0</value>
         <object_component_ref idref="oc-175"/>
      </symbol>
      <symbol id="sm-239">
         <name>SysCtl_delay</name>
         <value>0x123</value>
         <object_component_ref idref="oc-19e"/>
      </symbol>
      <symbol id="sm-23a">
         <name>SysCtl_getDeviceParametric</name>
         <value>0x8088</value>
         <object_component_ref idref="oc-131"/>
      </symbol>
      <symbol id="sm-23b">
         <name>SysCtl_selectXTAL</name>
         <value>0xb73c</value>
         <object_component_ref idref="oc-1d5"/>
      </symbol>
      <symbol id="sm-23c">
         <name>SysCtl_selectOscSource</name>
         <value>0x81ef</value>
         <object_component_ref idref="oc-198"/>
      </symbol>
      <symbol id="sm-23d">
         <name>SysCtl_getLowSpeedClock</name>
         <value>0x8437</value>
         <object_component_ref idref="oc-144"/>
      </symbol>
      <symbol id="sm-23e">
         <name>SysCtl_setClock</name>
         <value>0xb3ff</value>
         <object_component_ref idref="oc-137"/>
      </symbol>
      <symbol id="sm-23f">
         <name>SysCtl_getClock</name>
         <value>0x819e</value>
         <object_component_ref idref="oc-13d"/>
      </symbol>
      <symbol id="sm-249">
         <name>_c_int00</name>
         <value>0x847f</value>
         <object_component_ref idref="oc-7d"/>
      </symbol>
      <symbol id="sm-24a">
         <name>__stack</name>
         <value>0x400</value>
         <object_component_ref idref="oc-4a"/>
      </symbol>
      <symbol id="sm-257">
         <name>__c28xabi_divf</name>
         <value>0x8000</value>
         <object_component_ref idref="oc-1a5"/>
      </symbol>
      <symbol id="sm-264">
         <name>_system_pre_init</name>
         <value>0xb7fd</value>
         <object_component_ref idref="oc-8e"/>
      </symbol>
      <symbol id="sm-273">
         <name>__TI_auto_init_nobinit_nopinit</name>
         <value>0x8347</value>
         <object_component_ref idref="oc-a7"/>
      </symbol>
      <symbol id="sm-281">
         <name>__TI_decompress_none</name>
         <value>0x8573</value>
         <object_component_ref idref="oc-26"/>
      </symbol>
      <symbol id="sm-295">
         <name>__TI_decompress_lzss</name>
         <value>0x8319</value>
         <object_component_ref idref="oc-20"/>
      </symbol>
      <symbol id="sm-2ab">
         <name>C$$EXIT</name>
         <value>0x8372</value>
         <object_component_ref idref="oc-9b"/>
      </symbol>
      <symbol id="sm-2ac">
         <name>abort</name>
         <value>0x8372</value>
         <object_component_ref idref="oc-9b"/>
      </symbol>
      <symbol id="sm-2ad">
         <name>exit</name>
         <value>0x8374</value>
         <object_component_ref idref="oc-9b"/>
      </symbol>
      <symbol id="sm-2ae">
         <name>__TI_dtors_ptr</name>
         <value>0xaa96</value>
         <object_component_ref idref="oc-df"/>
      </symbol>
      <symbol id="sm-2af">
         <name>__TI_cleanup_ptr</name>
         <value>0xaa94</value>
         <object_component_ref idref="oc-df"/>
      </symbol>
      <symbol id="sm-2b0">
         <name>__TI_enable_exit_profile_output</name>
         <value>0xaa92</value>
         <object_component_ref idref="oc-df"/>
      </symbol>
      <symbol id="sm-2c7">
         <name>_nop</name>
         <value>0x856a</value>
         <object_component_ref idref="oc-11e"/>
      </symbol>
      <symbol id="sm-2c8">
         <name>_lock</name>
         <value>0xaa98</value>
         <object_component_ref idref="oc-e2"/>
      </symbol>
      <symbol id="sm-2c9">
         <name>_unlock</name>
         <value>0xaa9a</value>
         <object_component_ref idref="oc-182"/>
      </symbol>
      <symbol id="sm-2ca">
         <name>_register_lock</name>
         <value>0x8566</value>
         <object_component_ref idref="oc-11e"/>
      </symbol>
      <symbol id="sm-2cb">
         <name>_register_unlock</name>
         <value>0x8562</value>
         <object_component_ref idref="oc-11e"/>
      </symbol>
      <symbol id="sm-2da">
         <name>_args_main</name>
         <value>0x852e</value>
         <object_component_ref idref="oc-95"/>
      </symbol>
      <symbol id="sm-2ee">
         <name>memcpy</name>
         <value>0x8400</value>
         <object_component_ref idref="oc-4d"/>
      </symbol>
      <symbol id="sm-2fb">
         <name>_system_post_cinit</name>
         <value>0x8582</value>
         <object_component_ref idref="oc-ea"/>
      </symbol>
      <symbol id="sm-2fd">
         <name>__c_args__</name>
         <value>0x0</value>
      </symbol>
   </symbol_table>
   <title>Link successful</title>
</link_info>
